// Jest Snapshot v1, https://goo.gl/fbAQLP

exports[`Creation Resolver Correctly Resolves Creation Query 1`] = `
Object {
  "data": Object {
    "discoveries": Object {
      "annotations": Object {
        "categories": Array [
          "SystemAndCommunicationsProtections",
          "SystemAndInformationIntegrity",
        ],
        "controls": Array [
          "MutationAdvisor",
          "VA",
          "CertManager",
          "policy",
        ],
        "standards": Array [
          "FISMA",
          "TEST",
          "HIPAA",
          "PCI",
        ],
      },
      "clusterLabels": Array [
        Object {
          "key": "cloud",
          "value": "Amazon",
        },
        Object {
          "key": "environment",
          "value": "dev",
        },
        Object {
          "key": "name",
          "value": "cluster1",
        },
        Object {
          "key": "vendor",
          "value": "OpenShift",
        },
        Object {
          "key": "installer.name",
          "value": "multiclusterhub",
        },
        Object {
          "key": "installer.namespace",
          "value": "open-cluster-management",
        },
        Object {
          "key": "local-cluster",
          "value": "true",
        },
        Object {
          "key": "name",
          "value": "local-cluster",
        },
      ],
      "namespaces": Array [
        "default",
        "kube-system",
        "policy-namespace",
      ],
      "policyNames": Array [
        "policy-certificatepolicy",
        "policy-iampolicy",
        "policy-image",
        "policy-limitrange",
        "policy-namespace",
        "policy-pod",
        "policy-rolebinding-1",
        "policy-vulnerabilitypolicy",
      ],
      "templates": Array [],
    },
  },
}
`;
