// Jest Snapshot v1, https://goo.gl/fbAQLP

exports[`Creation Resolver Correctly Resolves Creation Query 1`] = `
Object {
  "data": Object {
    "discoveries": Object {
      "annotations": Object {
        "categories": Array [
          "SystemAndCommunicationsProtections",
          "SystemAndInformationIntegrity",
        ],
        "controls": Array [
          "MutationAdvisor",
          "VA",
          "CertManager",
          "policy",
        ],
        "standards": Array [
          "FISMA",
          "TEST",
          "HIPAA",
          "PCI",
        ],
      },
      "clusterLabels": Array [
        Object {
          "key": "environment",
          "value": "Dev",
        },
        Object {
          "key": "name",
          "value": "cluster1",
        },
        Object {
          "key": "region",
          "value": "US",
        },
        Object {
          "key": "name",
          "value": "clusterhub",
        },
      ],
      "namespaces": Array [
        "default",
        "kube-system",
        "mcm",
      ],
      "policyNames": Array [
        "policy-certificatepolicy",
        "policy-iampolicy",
        "policy-image",
        "policy-limitrange",
        "policy-namespace",
        "policy-pod",
        "policy-rolebinding-1",
        "policy-vulnerabilitypolicy",
      ],
      "templates": Array [],
    },
  },
}
`;
