// Jest Snapshot v1, https://goo.gl/fbAQLP

exports[`Namespace Resolver Correctly Resolves Namespace Query 1`] = `
"Nock: No match for request {
  \\"method\\": \\"POST\\",
  \\"url\\": \\"http://0.0.0.0/kubernetes/apis/mcm.ibm.com/v1alpha1/namespaces/default/resourceviews\\",
  \\"headers\\": {
    \\"authorization\\": \\"Bearer localdev\\",
    \\"host\\": \\"0.0.0.0\\",
    \\"accept\\": \\"application/json\\",
    \\"content-type\\": \\"application/json\\",
    \\"content-length\\": 214
  },
  \\"body\\": \\"{\\\\\\"apiVersion\\\\\\":\\\\\\"mcm.ibm.com/v1alpha1\\\\\\",\\\\\\"kind\\\\\\":\\\\\\"ResourceView\\\\\\",\\\\\\"metadata\\\\\\":{\\\\\\"labels\\\\\\":{\\\\\\"name\\\\\\":\\\\\\"namespaces-\\\\\\"},\\\\\\"name\\\\\\":\\\\\\"namespaces-\\\\\\"},\\\\\\"spec\\\\\\":{\\\\\\"summaryOnly\\\\\\":false,\\\\\\"scope\\\\\\":{\\\\\\"resource\\\\\\":\\\\\\"namespaces\\\\\\"}}}\\"
}"
`;
