// Jest Snapshot v1, https://goo.gl/fbAQLP

exports[`Placement Resolver Correctly Resolves Placement Policy List Query 1`] = `
Object {
  "data": Object {
    "placementPolicies": Array [
      Object {
        "clusterLabels": Object {
          "matchLabels": Object {
            "cloud": "IBM",
          },
        },
        "clusterReplicas": null,
        "metadata": Object {
          "annotations": Object {
            "mcm.ibm.com/user-group": "c3lzdGVtOnNlcnZpY2VhY2NvdW50cyxzeXN0ZW06c2VydmljZWFjY291bnRzOmt1YmUtc3lzdGVtLHN5c3RlbTphdXRoZW50aWNhdGVk",
            "mcm.ibm.com/user-identity": "c3lzdGVtOnNlcnZpY2VhY2NvdW50Omt1YmUtc3lzdGVtOmRlZmF1bHQ=",
          },
          "creationTimestamp": "2019-07-29T17:41:59Z",
          "name": "placement-my-policy",
          "namespace": "mcm",
          "selfLink": "/apis/apps.open-cluster-management.io/v1/namespaces/mcm/placementrules/placement-my-policy",
        },
        "raw": Object {
          "apiVersion": "apps.open-cluster-management.io/v1",
          "kind": "PlacementRule",
          "metadata": Object {
            "annotations": Object {
              "mcm.ibm.com/user-group": "c3lzdGVtOnNlcnZpY2VhY2NvdW50cyxzeXN0ZW06c2VydmljZWFjY291bnRzOmt1YmUtc3lzdGVtLHN5c3RlbTphdXRoZW50aWNhdGVk",
              "mcm.ibm.com/user-identity": "c3lzdGVtOnNlcnZpY2VhY2NvdW50Omt1YmUtc3lzdGVtOmRlZmF1bHQ=",
            },
            "creationTimestamp": "2019-07-29T17:41:59Z",
            "name": "placement-my-policy",
            "namespace": "mcm",
            "resourceVersion": "60",
            "selfLink": "/apis/apps.open-cluster-management.io/v1/namespaces/mcm/placementrules/placement-my-policy",
            "uid": "2a52a098-b228-11e9-926f-eae85572ef1a",
          },
          "spec": Object {
            "clusterSelector": Object {
              "matchLabels": Object {
                "cloud": "IBM",
              },
            },
            "resourceHint": Object {},
            "resourceSelector": Object {},
          },
          "status": Object {
            "decisions": Array [
              Object {
                "clusterName": "clusterhub",
                "clusterNamespace": "clusterhub",
              },
              Object {
                "clusterName": "cluster1",
                "clusterNamespace": "cluster1",
              },
            ],
          },
        },
        "resourceSelector": Object {},
        "status": Object {
          "decisions": Array [
            Object {
              "clusterName": "clusterhub",
              "clusterNamespace": "clusterhub",
            },
            Object {
              "clusterName": "cluster1",
              "clusterNamespace": "cluster1",
            },
          ],
        },
      },
      Object {
        "clusterLabels": Object {
          "matchLabels": Object {
            "cloud": "IBM",
          },
        },
        "clusterReplicas": null,
        "metadata": Object {
          "annotations": Object {
            "mcm.ibm.com/user-group": "c3lzdGVtOnNlcnZpY2VhY2NvdW50cyxzeXN0ZW06c2VydmljZWFjY291bnRzOmt1YmUtc3lzdGVtLHN5c3RlbTphdXRoZW50aWNhdGVk",
            "mcm.ibm.com/user-identity": "c3lzdGVtOnNlcnZpY2VhY2NvdW50Omt1YmUtc3lzdGVtOmRlZmF1bHQ=",
          },
          "creationTimestamp": "2019-07-29T17:45:39Z",
          "name": "placement-policy-ma",
          "namespace": "mcm",
          "selfLink": "/apis/apps.open-cluster-management.io/v1/namespaces/mcm/placementrules/placement-policy-ma",
        },
        "raw": Object {
          "apiVersion": "apps.open-cluster-management.io/v1",
          "kind": "PlacementRule",
          "metadata": Object {
            "annotations": Object {
              "mcm.ibm.com/user-group": "c3lzdGVtOnNlcnZpY2VhY2NvdW50cyxzeXN0ZW06c2VydmljZWFjY291bnRzOmt1YmUtc3lzdGVtLHN5c3RlbTphdXRoZW50aWNhdGVk",
              "mcm.ibm.com/user-identity": "c3lzdGVtOnNlcnZpY2VhY2NvdW50Omt1YmUtc3lzdGVtOmRlZmF1bHQ=",
            },
            "creationTimestamp": "2019-07-29T17:45:39Z",
            "name": "placement-policy-ma",
            "namespace": "mcm",
            "resourceVersion": "98",
            "selfLink": "/apis/apps.open-cluster-management.io/v1/namespaces/mcm/placementrules/placement-policy-ma",
            "uid": "ada3957f-b228-11e9-926f-eae85572ef1a",
          },
          "spec": Object {
            "clusterSelector": Object {
              "matchLabels": Object {
                "cloud": "IBM",
              },
            },
            "resourceHint": Object {},
            "resourceSelector": Object {},
          },
          "status": Object {
            "decisions": Array [
              Object {
                "clusterName": "clusterhub",
                "clusterNamespace": "clusterhub",
              },
              Object {
                "clusterName": "cluster1",
                "clusterNamespace": "cluster1",
              },
            ],
          },
        },
        "resourceSelector": Object {},
        "status": Object {
          "decisions": Array [
            Object {
              "clusterName": "clusterhub",
              "clusterNamespace": "clusterhub",
            },
            Object {
              "clusterName": "cluster1",
              "clusterNamespace": "cluster1",
            },
          ],
        },
      },
      Object {
        "clusterLabels": Object {
          "matchLabels": Object {
            "cloud": "IBM",
          },
        },
        "clusterReplicas": null,
        "metadata": Object {
          "annotations": Object {
            "mcm.ibm.com/user-group": "c3lzdGVtOnNlcnZpY2VhY2NvdW50cyxzeXN0ZW06c2VydmljZWFjY291bnRzOmt1YmUtc3lzdGVtLHN5c3RlbTphdXRoZW50aWNhdGVk",
            "mcm.ibm.com/user-identity": "c3lzdGVtOnNlcnZpY2VhY2NvdW50Omt1YmUtc3lzdGVtOmRlZmF1bHQ=",
          },
          "creationTimestamp": "2019-07-29T17:41:59Z",
          "name": "placement-my-policy",
          "namespace": "mcm",
          "selfLink": "/apis/apps.open-cluster-management.io/v1/namespaces/mcm/placementrules/placement-my-policy",
        },
        "raw": Object {
          "apiVersion": "apps.open-cluster-management.io/v1",
          "kind": "PlacementRule",
          "metadata": Object {
            "annotations": Object {
              "mcm.ibm.com/user-group": "c3lzdGVtOnNlcnZpY2VhY2NvdW50cyxzeXN0ZW06c2VydmljZWFjY291bnRzOmt1YmUtc3lzdGVtLHN5c3RlbTphdXRoZW50aWNhdGVk",
              "mcm.ibm.com/user-identity": "c3lzdGVtOnNlcnZpY2VhY2NvdW50Omt1YmUtc3lzdGVtOmRlZmF1bHQ=",
            },
            "creationTimestamp": "2019-07-29T17:41:59Z",
            "name": "placement-my-policy",
            "namespace": "mcm",
            "resourceVersion": "60",
            "selfLink": "/apis/apps.open-cluster-management.io/v1/namespaces/mcm/placementrules/placement-my-policy",
            "uid": "2a52a098-b228-11e9-926f-eae85572ef1a",
          },
          "spec": Object {
            "clusterSelector": Object {
              "matchLabels": Object {
                "cloud": "IBM",
              },
            },
            "resourceHint": Object {},
            "resourceSelector": Object {},
          },
          "status": Object {
            "decisions": Array [
              Object {
                "clusterName": "clusterhub",
                "clusterNamespace": "clusterhub",
              },
              Object {
                "clusterName": "cluster1",
                "clusterNamespace": "cluster1",
              },
            ],
          },
        },
        "resourceSelector": Object {},
        "status": Object {
          "decisions": Array [
            Object {
              "clusterName": "clusterhub",
              "clusterNamespace": "clusterhub",
            },
            Object {
              "clusterName": "cluster1",
              "clusterNamespace": "cluster1",
            },
          ],
        },
      },
      Object {
        "clusterLabels": Object {
          "matchLabels": Object {
            "cloud": "IBM",
          },
        },
        "clusterReplicas": null,
        "metadata": Object {
          "annotations": Object {
            "mcm.ibm.com/user-group": "c3lzdGVtOnNlcnZpY2VhY2NvdW50cyxzeXN0ZW06c2VydmljZWFjY291bnRzOmt1YmUtc3lzdGVtLHN5c3RlbTphdXRoZW50aWNhdGVk",
            "mcm.ibm.com/user-identity": "c3lzdGVtOnNlcnZpY2VhY2NvdW50Omt1YmUtc3lzdGVtOmRlZmF1bHQ=",
          },
          "creationTimestamp": "2019-07-29T17:45:39Z",
          "name": "placement-policy-ma",
          "namespace": "mcm",
          "selfLink": "/apis/apps.open-cluster-management.io/v1/namespaces/mcm/placementrules/placement-policy-ma",
        },
        "raw": Object {
          "apiVersion": "apps.open-cluster-management.io/v1",
          "kind": "PlacementRule",
          "metadata": Object {
            "annotations": Object {
              "mcm.ibm.com/user-group": "c3lzdGVtOnNlcnZpY2VhY2NvdW50cyxzeXN0ZW06c2VydmljZWFjY291bnRzOmt1YmUtc3lzdGVtLHN5c3RlbTphdXRoZW50aWNhdGVk",
              "mcm.ibm.com/user-identity": "c3lzdGVtOnNlcnZpY2VhY2NvdW50Omt1YmUtc3lzdGVtOmRlZmF1bHQ=",
            },
            "creationTimestamp": "2019-07-29T17:45:39Z",
            "name": "placement-policy-ma",
            "namespace": "mcm",
            "resourceVersion": "98",
            "selfLink": "/apis/apps.open-cluster-management.io/v1/namespaces/mcm/placementrules/placement-policy-ma",
            "uid": "ada3957f-b228-11e9-926f-eae85572ef1a",
          },
          "spec": Object {
            "clusterSelector": Object {
              "matchLabels": Object {
                "cloud": "IBM",
              },
            },
            "resourceHint": Object {},
            "resourceSelector": Object {},
          },
          "status": Object {
            "decisions": Array [
              Object {
                "clusterName": "clusterhub",
                "clusterNamespace": "clusterhub",
              },
              Object {
                "clusterName": "cluster1",
                "clusterNamespace": "cluster1",
              },
            ],
          },
        },
        "resourceSelector": Object {},
        "status": Object {
          "decisions": Array [
            Object {
              "clusterName": "clusterhub",
              "clusterNamespace": "clusterhub",
            },
            Object {
              "clusterName": "cluster1",
              "clusterNamespace": "cluster1",
            },
          ],
        },
      },
      Object {
        "clusterLabels": Object {
          "matchLabels": Object {
            "cloud": "IBM",
          },
        },
        "clusterReplicas": null,
        "metadata": Object {
          "annotations": Object {
            "mcm.ibm.com/user-group": "c3lzdGVtOnNlcnZpY2VhY2NvdW50cyxzeXN0ZW06c2VydmljZWFjY291bnRzOmt1YmUtc3lzdGVtLHN5c3RlbTphdXRoZW50aWNhdGVk",
            "mcm.ibm.com/user-identity": "c3lzdGVtOnNlcnZpY2VhY2NvdW50Omt1YmUtc3lzdGVtOmRlZmF1bHQ=",
          },
          "creationTimestamp": "2019-07-29T17:41:59Z",
          "name": "placement-my-policy",
          "namespace": "mcm",
          "selfLink": "/apis/apps.open-cluster-management.io/v1/namespaces/mcm/placementrules/placement-my-policy",
        },
        "raw": Object {
          "apiVersion": "apps.open-cluster-management.io/v1",
          "kind": "PlacementRule",
          "metadata": Object {
            "annotations": Object {
              "mcm.ibm.com/user-group": "c3lzdGVtOnNlcnZpY2VhY2NvdW50cyxzeXN0ZW06c2VydmljZWFjY291bnRzOmt1YmUtc3lzdGVtLHN5c3RlbTphdXRoZW50aWNhdGVk",
              "mcm.ibm.com/user-identity": "c3lzdGVtOnNlcnZpY2VhY2NvdW50Omt1YmUtc3lzdGVtOmRlZmF1bHQ=",
            },
            "creationTimestamp": "2019-07-29T17:41:59Z",
            "name": "placement-my-policy",
            "namespace": "mcm",
            "resourceVersion": "60",
            "selfLink": "/apis/apps.open-cluster-management.io/v1/namespaces/mcm/placementrules/placement-my-policy",
            "uid": "2a52a098-b228-11e9-926f-eae85572ef1a",
          },
          "spec": Object {
            "clusterSelector": Object {
              "matchLabels": Object {
                "cloud": "IBM",
              },
            },
            "resourceHint": Object {},
            "resourceSelector": Object {},
          },
          "status": Object {
            "decisions": Array [
              Object {
                "clusterName": "clusterhub",
                "clusterNamespace": "clusterhub",
              },
              Object {
                "clusterName": "cluster1",
                "clusterNamespace": "cluster1",
              },
            ],
          },
        },
        "resourceSelector": Object {},
        "status": Object {
          "decisions": Array [
            Object {
              "clusterName": "clusterhub",
              "clusterNamespace": "clusterhub",
            },
            Object {
              "clusterName": "cluster1",
              "clusterNamespace": "cluster1",
            },
          ],
        },
      },
      Object {
        "clusterLabels": Object {
          "matchLabels": Object {
            "cloud": "IBM",
          },
        },
        "clusterReplicas": null,
        "metadata": Object {
          "annotations": Object {
            "mcm.ibm.com/user-group": "c3lzdGVtOnNlcnZpY2VhY2NvdW50cyxzeXN0ZW06c2VydmljZWFjY291bnRzOmt1YmUtc3lzdGVtLHN5c3RlbTphdXRoZW50aWNhdGVk",
            "mcm.ibm.com/user-identity": "c3lzdGVtOnNlcnZpY2VhY2NvdW50Omt1YmUtc3lzdGVtOmRlZmF1bHQ=",
          },
          "creationTimestamp": "2019-07-29T17:45:39Z",
          "name": "placement-policy-ma",
          "namespace": "mcm",
          "selfLink": "/apis/apps.open-cluster-management.io/v1/namespaces/mcm/placementrules/placement-policy-ma",
        },
        "raw": Object {
          "apiVersion": "apps.open-cluster-management.io/v1",
          "kind": "PlacementRule",
          "metadata": Object {
            "annotations": Object {
              "mcm.ibm.com/user-group": "c3lzdGVtOnNlcnZpY2VhY2NvdW50cyxzeXN0ZW06c2VydmljZWFjY291bnRzOmt1YmUtc3lzdGVtLHN5c3RlbTphdXRoZW50aWNhdGVk",
              "mcm.ibm.com/user-identity": "c3lzdGVtOnNlcnZpY2VhY2NvdW50Omt1YmUtc3lzdGVtOmRlZmF1bHQ=",
            },
            "creationTimestamp": "2019-07-29T17:45:39Z",
            "name": "placement-policy-ma",
            "namespace": "mcm",
            "resourceVersion": "98",
            "selfLink": "/apis/apps.open-cluster-management.io/v1/namespaces/mcm/placementrules/placement-policy-ma",
            "uid": "ada3957f-b228-11e9-926f-eae85572ef1a",
          },
          "spec": Object {
            "clusterSelector": Object {
              "matchLabels": Object {
                "cloud": "IBM",
              },
            },
            "resourceHint": Object {},
            "resourceSelector": Object {},
          },
          "status": Object {
            "decisions": Array [
              Object {
                "clusterName": "clusterhub",
                "clusterNamespace": "clusterhub",
              },
              Object {
                "clusterName": "cluster1",
                "clusterNamespace": "cluster1",
              },
            ],
          },
        },
        "resourceSelector": Object {},
        "status": Object {
          "decisions": Array [
            Object {
              "clusterName": "clusterhub",
              "clusterNamespace": "clusterhub",
            },
            Object {
              "clusterName": "cluster1",
              "clusterNamespace": "cluster1",
            },
          ],
        },
      },
      Object {
        "clusterLabels": Object {
          "matchLabels": Object {
            "cloud": "IBM",
          },
        },
        "clusterReplicas": null,
        "metadata": Object {
          "annotations": Object {
            "mcm.ibm.com/user-group": "c3lzdGVtOnNlcnZpY2VhY2NvdW50cyxzeXN0ZW06c2VydmljZWFjY291bnRzOmt1YmUtc3lzdGVtLHN5c3RlbTphdXRoZW50aWNhdGVk",
            "mcm.ibm.com/user-identity": "c3lzdGVtOnNlcnZpY2VhY2NvdW50Omt1YmUtc3lzdGVtOmRlZmF1bHQ=",
          },
          "creationTimestamp": "2019-07-29T17:41:59Z",
          "name": "placement-my-policy",
          "namespace": "mcm",
          "selfLink": "/apis/apps.open-cluster-management.io/v1/namespaces/mcm/placementrules/placement-my-policy",
        },
        "raw": Object {
          "apiVersion": "apps.open-cluster-management.io/v1",
          "kind": "PlacementRule",
          "metadata": Object {
            "annotations": Object {
              "mcm.ibm.com/user-group": "c3lzdGVtOnNlcnZpY2VhY2NvdW50cyxzeXN0ZW06c2VydmljZWFjY291bnRzOmt1YmUtc3lzdGVtLHN5c3RlbTphdXRoZW50aWNhdGVk",
              "mcm.ibm.com/user-identity": "c3lzdGVtOnNlcnZpY2VhY2NvdW50Omt1YmUtc3lzdGVtOmRlZmF1bHQ=",
            },
            "creationTimestamp": "2019-07-29T17:41:59Z",
            "name": "placement-my-policy",
            "namespace": "mcm",
            "resourceVersion": "60",
            "selfLink": "/apis/apps.open-cluster-management.io/v1/namespaces/mcm/placementrules/placement-my-policy",
            "uid": "2a52a098-b228-11e9-926f-eae85572ef1a",
          },
          "spec": Object {
            "clusterSelector": Object {
              "matchLabels": Object {
                "cloud": "IBM",
              },
            },
            "resourceHint": Object {},
            "resourceSelector": Object {},
          },
          "status": Object {
            "decisions": Array [
              Object {
                "clusterName": "clusterhub",
                "clusterNamespace": "clusterhub",
              },
              Object {
                "clusterName": "cluster1",
                "clusterNamespace": "cluster1",
              },
            ],
          },
        },
        "resourceSelector": Object {},
        "status": Object {
          "decisions": Array [
            Object {
              "clusterName": "clusterhub",
              "clusterNamespace": "clusterhub",
            },
            Object {
              "clusterName": "cluster1",
              "clusterNamespace": "cluster1",
            },
          ],
        },
      },
      Object {
        "clusterLabels": Object {
          "matchLabels": Object {
            "cloud": "IBM",
          },
        },
        "clusterReplicas": null,
        "metadata": Object {
          "annotations": Object {
            "mcm.ibm.com/user-group": "c3lzdGVtOnNlcnZpY2VhY2NvdW50cyxzeXN0ZW06c2VydmljZWFjY291bnRzOmt1YmUtc3lzdGVtLHN5c3RlbTphdXRoZW50aWNhdGVk",
            "mcm.ibm.com/user-identity": "c3lzdGVtOnNlcnZpY2VhY2NvdW50Omt1YmUtc3lzdGVtOmRlZmF1bHQ=",
          },
          "creationTimestamp": "2019-07-29T17:45:39Z",
          "name": "placement-policy-ma",
          "namespace": "mcm",
          "selfLink": "/apis/apps.open-cluster-management.io/v1/namespaces/mcm/placementrules/placement-policy-ma",
        },
        "raw": Object {
          "apiVersion": "apps.open-cluster-management.io/v1",
          "kind": "PlacementRule",
          "metadata": Object {
            "annotations": Object {
              "mcm.ibm.com/user-group": "c3lzdGVtOnNlcnZpY2VhY2NvdW50cyxzeXN0ZW06c2VydmljZWFjY291bnRzOmt1YmUtc3lzdGVtLHN5c3RlbTphdXRoZW50aWNhdGVk",
              "mcm.ibm.com/user-identity": "c3lzdGVtOnNlcnZpY2VhY2NvdW50Omt1YmUtc3lzdGVtOmRlZmF1bHQ=",
            },
            "creationTimestamp": "2019-07-29T17:45:39Z",
            "name": "placement-policy-ma",
            "namespace": "mcm",
            "resourceVersion": "98",
            "selfLink": "/apis/apps.open-cluster-management.io/v1/namespaces/mcm/placementrules/placement-policy-ma",
            "uid": "ada3957f-b228-11e9-926f-eae85572ef1a",
          },
          "spec": Object {
            "clusterSelector": Object {
              "matchLabels": Object {
                "cloud": "IBM",
              },
            },
            "resourceHint": Object {},
            "resourceSelector": Object {},
          },
          "status": Object {
            "decisions": Array [
              Object {
                "clusterName": "clusterhub",
                "clusterNamespace": "clusterhub",
              },
              Object {
                "clusterName": "cluster1",
                "clusterNamespace": "cluster1",
              },
            ],
          },
        },
        "resourceSelector": Object {},
        "status": Object {
          "decisions": Array [
            Object {
              "clusterName": "clusterhub",
              "clusterNamespace": "clusterhub",
            },
            Object {
              "clusterName": "cluster1",
              "clusterNamespace": "cluster1",
            },
          ],
        },
      },
      Object {
        "clusterLabels": Object {
          "matchLabels": Object {
            "cloud": "IBM",
          },
        },
        "clusterReplicas": null,
        "metadata": Object {
          "annotations": Object {
            "mcm.ibm.com/user-group": "c3lzdGVtOnNlcnZpY2VhY2NvdW50cyxzeXN0ZW06c2VydmljZWFjY291bnRzOmt1YmUtc3lzdGVtLHN5c3RlbTphdXRoZW50aWNhdGVk",
            "mcm.ibm.com/user-identity": "c3lzdGVtOnNlcnZpY2VhY2NvdW50Omt1YmUtc3lzdGVtOmRlZmF1bHQ=",
          },
          "creationTimestamp": "2019-07-29T17:41:59Z",
          "name": "placement-my-policy",
          "namespace": "mcm",
          "selfLink": "/apis/apps.open-cluster-management.io/v1/namespaces/mcm/placementrules/placement-my-policy",
        },
        "raw": Object {
          "apiVersion": "apps.open-cluster-management.io/v1",
          "kind": "PlacementRule",
          "metadata": Object {
            "annotations": Object {
              "mcm.ibm.com/user-group": "c3lzdGVtOnNlcnZpY2VhY2NvdW50cyxzeXN0ZW06c2VydmljZWFjY291bnRzOmt1YmUtc3lzdGVtLHN5c3RlbTphdXRoZW50aWNhdGVk",
              "mcm.ibm.com/user-identity": "c3lzdGVtOnNlcnZpY2VhY2NvdW50Omt1YmUtc3lzdGVtOmRlZmF1bHQ=",
            },
            "creationTimestamp": "2019-07-29T17:41:59Z",
            "name": "placement-my-policy",
            "namespace": "mcm",
            "resourceVersion": "60",
            "selfLink": "/apis/apps.open-cluster-management.io/v1/namespaces/mcm/placementrules/placement-my-policy",
            "uid": "2a52a098-b228-11e9-926f-eae85572ef1a",
          },
          "spec": Object {
            "clusterSelector": Object {
              "matchLabels": Object {
                "cloud": "IBM",
              },
            },
            "resourceHint": Object {},
            "resourceSelector": Object {},
          },
          "status": Object {
            "decisions": Array [
              Object {
                "clusterName": "clusterhub",
                "clusterNamespace": "clusterhub",
              },
              Object {
                "clusterName": "cluster1",
                "clusterNamespace": "cluster1",
              },
            ],
          },
        },
        "resourceSelector": Object {},
        "status": Object {
          "decisions": Array [
            Object {
              "clusterName": "clusterhub",
              "clusterNamespace": "clusterhub",
            },
            Object {
              "clusterName": "cluster1",
              "clusterNamespace": "cluster1",
            },
          ],
        },
      },
      Object {
        "clusterLabels": Object {
          "matchLabels": Object {
            "cloud": "IBM",
          },
        },
        "clusterReplicas": null,
        "metadata": Object {
          "annotations": Object {
            "mcm.ibm.com/user-group": "c3lzdGVtOnNlcnZpY2VhY2NvdW50cyxzeXN0ZW06c2VydmljZWFjY291bnRzOmt1YmUtc3lzdGVtLHN5c3RlbTphdXRoZW50aWNhdGVk",
            "mcm.ibm.com/user-identity": "c3lzdGVtOnNlcnZpY2VhY2NvdW50Omt1YmUtc3lzdGVtOmRlZmF1bHQ=",
          },
          "creationTimestamp": "2019-07-29T17:45:39Z",
          "name": "placement-policy-ma",
          "namespace": "mcm",
          "selfLink": "/apis/apps.open-cluster-management.io/v1/namespaces/mcm/placementrules/placement-policy-ma",
        },
        "raw": Object {
          "apiVersion": "apps.open-cluster-management.io/v1",
          "kind": "PlacementRule",
          "metadata": Object {
            "annotations": Object {
              "mcm.ibm.com/user-group": "c3lzdGVtOnNlcnZpY2VhY2NvdW50cyxzeXN0ZW06c2VydmljZWFjY291bnRzOmt1YmUtc3lzdGVtLHN5c3RlbTphdXRoZW50aWNhdGVk",
              "mcm.ibm.com/user-identity": "c3lzdGVtOnNlcnZpY2VhY2NvdW50Omt1YmUtc3lzdGVtOmRlZmF1bHQ=",
            },
            "creationTimestamp": "2019-07-29T17:45:39Z",
            "name": "placement-policy-ma",
            "namespace": "mcm",
            "resourceVersion": "98",
            "selfLink": "/apis/apps.open-cluster-management.io/v1/namespaces/mcm/placementrules/placement-policy-ma",
            "uid": "ada3957f-b228-11e9-926f-eae85572ef1a",
          },
          "spec": Object {
            "clusterSelector": Object {
              "matchLabels": Object {
                "cloud": "IBM",
              },
            },
            "resourceHint": Object {},
            "resourceSelector": Object {},
          },
          "status": Object {
            "decisions": Array [
              Object {
                "clusterName": "clusterhub",
                "clusterNamespace": "clusterhub",
              },
              Object {
                "clusterName": "cluster1",
                "clusterNamespace": "cluster1",
              },
            ],
          },
        },
        "resourceSelector": Object {},
        "status": Object {
          "decisions": Array [
            Object {
              "clusterName": "clusterhub",
              "clusterNamespace": "clusterhub",
            },
            Object {
              "clusterName": "cluster1",
              "clusterNamespace": "cluster1",
            },
          ],
        },
      },
    ],
  },
}
`;
